Downloading scipy (19.5MiB)
 Downloading scipy
Installed 2 packages in 41ms

=== jsts ===
arm          n  err             FILE         FUNCTION             LINE      frac
default    580    1    46.38 (269)    31.21 (181)    14.14 ( 82)   0.26156
shape      580    1    46.38 (269)    30.52 (177)    13.79 ( 80)   0.26343
delta                  +0.00          -0.69          -0.35        +0.00187
McNemar FILE      default-only=  0 shape-only=  0 p=1.0000
McNemar FUNCTION  default-only=  5 shape-only=  1 p=0.2188
McNemar LINE      default-only=  4 shape-only=  2 p=0.6875
Wilcoxon frac    n_nonzero=83 up=40 down=43 p=0.9042

changed instances: 85 of 580
  iamkun__dayjs-1010                         FILE =      FUNC =      LINE =      frac 0.7059->0.0588       (-0.6471)
  mui__material-ui-25105                     FILE =      FUNC =      LINE 1->0   frac 1.0000->0.5556       (-0.4444)
  mui__material-ui-26170                     FILE =      FUNC =      LINE =      frac 0.8214->0.4643       (-0.3571)
  iamkun__dayjs-1023                         FILE =      FUNC =      LINE 1->0   frac 1.0000->0.6667       (-0.3333)
  mui__material-ui-33934                     FILE =      FUNC =      LINE 1->0   frac 1.0000->0.6667       (-0.3333)
  iamkun__dayjs-668                          FILE =      FUNC =      LINE =      frac 0.8644->0.5424       (-0.3220)
  iamkun__dayjs-337                          FILE =      FUNC =      LINE =      frac 0.5000->0.2500       (-0.2500)
  iamkun__dayjs-1209                         FILE =      FUNC =      LINE 1->0   frac 1.0000->0.7857       (-0.2143)
  mui__material-ui-34229                     FILE =      FUNC 1->0   LINE =      frac 0.2059->0.0000       (-0.2059)
  mui__material-ui-33873                     FILE =      FUNC 1->0   LINE =      frac 0.8140->0.6105       (-0.2035)
  mui__material-ui-26098                     FILE =      FUNC =      LINE =      frac 0.2821->0.1026       (-0.1795)
  sveltejs__svelte-10655                     FILE =      FUNC =      LINE =      frac 0.2143->0.0714       (-0.1429)
  sveltejs__svelte-9754                      FILE =      FUNC =      LINE =      frac 0.2148->0.1007       (-0.1141)
  sveltejs__svelte-10700                     FILE =      FUNC =      LINE =      frac 0.2381->0.1429       (-0.0952)
  anuraghazra__github-readme-stats-2491      FILE =      FUNC =      LINE =      frac 0.5273->0.4545       (-0.0727)
  mui__material-ui-33797                     FILE =      FUNC =      LINE =      frac 0.2609->0.1884       (-0.0725)
  vuejs__core-11761                          FILE =      FUNC =      LINE =      frac 0.1346->0.0673       (-0.0673)
  mui__material-ui-37716                     FILE =      FUNC =      LINE =      frac 0.1023->0.0379       (-0.0644)
  anuraghazra__github-readme-stats-1314      FILE =      FUNC =      LINE =      frac 0.8141->0.7564       (-0.0577)
  sveltejs__svelte-13540                     FILE =      FUNC =      LINE =      frac 0.3333->0.2778       (-0.0556)
  darkreader__darkreader-6747                FILE =      FUNC 1->0   LINE =      frac 0.5946->0.5405       (-0.0541)
  mui__material-ui-35946                     FILE =      FUNC =      LINE =      frac 0.2379->0.1865       (-0.0514)
  mui__material-ui-26460                     FILE =      FUNC =      LINE =      frac 0.4675->0.4320       (-0.0355)
  sveltejs__svelte-12460                     FILE =      FUNC =      LINE =      frac 0.4400->0.4100       (-0.0300)
  mui__material-ui-24968                     FILE =      FUNC =      LINE =      frac 0.0992->0.0744       (-0.0248)
  sveltejs__svelte-11276                     FILE =      FUNC =      LINE =      frac 0.0562->0.0337       (-0.0225)
  mui__material-ui-26186                     FILE =      FUNC =      LINE =      frac 0.4427->0.4211       (-0.0217)
  sveltejs__svelte-11059                     FILE =      FUNC =      LINE =      frac 0.0753->0.0538       (-0.0215)
  anuraghazra__github-readme-stats-3442      FILE =      FUNC =      LINE =      frac 0.3383->0.3192       (-0.0191)
  sveltejs__svelte-13568                     FILE =      FUNC =      LINE =      frac 0.2364->0.2182       (-0.0182)
  mui__material-ui-36400                     FILE =      FUNC =      LINE =      frac 0.1363->0.1232       (-0.0131)
  mui__material-ui-35178                     FILE =      FUNC =      LINE =      frac 0.1617->0.1489       (-0.0128)
  mui__material-ui-29488                     FILE =      FUNC =      LINE =      frac 0.1910->0.1809       (-0.0100)
  mui__material-ui-25245                     FILE =      FUNC =      LINE =      frac 0.1708->0.1615       (-0.0093)
  mui__material-ui-34401                     FILE =      FUNC =      LINE =      frac 0.0426->0.0340       (-0.0085)
  mui__material-ui-29579                     FILE =      FUNC =      LINE =      frac 0.0107->0.0036       (-0.0071)
  mui__material-ui-34158                     FILE =      FUNC =      LINE =      frac 0.2087->0.2025       (-0.0062)
  sveltejs__svelte-14445                     FILE =      FUNC =      LINE =      frac 0.2283->0.2237       (-0.0046)
  mui__material-ui-34216                     FILE =      FUNC =      LINE =      frac 0.1479->0.1444       (-0.0035)
  sveltejs__svelte-14629                     FILE =      FUNC =      LINE =      frac 0.0920->0.0889       (-0.0031)
  mui__material-ui-37667                     FILE =      FUNC =      LINE =      frac 0.0207->0.0183       (-0.0024)
  sveltejs__svelte-9723                      FILE =      FUNC =      LINE =      frac 0.0367->0.0347       (-0.0019)
  mui__material-ui-24857                     FILE =      FUNC =      LINE =      frac 0.1270->0.1251       (-0.0019)
  iamkun__dayjs-2231                         FILE =      FUNC 0->1   LINE =      frac =                    (+0.0000)
  sveltejs__svelte-10077                     FILE =      FUNC 1->0   LINE =      frac =                    (+0.0000)
  mui__material-ui-30524                     FILE =      FUNC =      LINE =      frac 0.0101->0.0112       (+0.0011)
  mui__material-ui-26173                     FILE =      FUNC =      LINE =      frac 0.2473->0.2527       (+0.0055)
  sveltejs__svelte-10656                     FILE =      FUNC =      LINE =      frac 0.1338->0.1401       (+0.0064)
  sveltejs__svelte-14456                     FILE =      FUNC =      LINE =      frac 0.0342->0.0406       (+0.0064)
  mui__material-ui-35994                     FILE =      FUNC =      LINE =      frac 0.0204->0.0286       (+0.0082)
  mui__material-ui-31172                     FILE =      FUNC =      LINE =      frac 0.3269->0.3365       (+0.0096)
  mui__material-ui-34829                     FILE =      FUNC =      LINE =      frac 0.0174->0.0271       (+0.0097)
  sveltejs__svelte-9988                      FILE =      FUNC =      LINE =      frac 0.0376->0.0487       (+0.0111)
  sveltejs__svelte-14353                     FILE =      FUNC =      LINE =      frac 0.0115->0.0229       (+0.0115)
  mui__material-ui-38916                     FILE =      FUNC =      LINE =      frac 0.0391->0.0530       (+0.0139)
  mui__material-ui-35963                     FILE =      FUNC =      LINE =      frac 0.1150->0.1357       (+0.0206)
  mui__material-ui-36401                     FILE =      FUNC =      LINE =      frac 0.6543->0.6790       (+0.0247)
  mui__material-ui-25390                     FILE =      FUNC =      LINE =      frac 0.1411->0.1688       (+0.0277)
  mui__material-ui-34258                     FILE =      FUNC =      LINE =      frac 0.1604->0.1887       (+0.0283)
  mui__material-ui-23073                     FILE =      FUNC =      LINE =      frac 0.3955->0.4254       (+0.0299)
  anuraghazra__github-readme-stats-2844      FILE =      FUNC =      LINE =      frac 0.0196->0.0587       (+0.0391)
  sveltejs__svelte-10266                     FILE =      FUNC =      LINE =      frac 0.0980->0.1373       (+0.0392)
  mui__material-ui-26026                     FILE =      FUNC =      LINE =      frac 0.1207->0.1724       (+0.0517)
  mui__material-ui-39353                     FILE =      FUNC 1->0   LINE =      frac 0.2461->0.3008       (+0.0547)
  vuejs__core-11517                          FILE =      FUNC =      LINE =      frac 0.2150->0.2710       (+0.0561)
  anuraghazra__github-readme-stats-1608      FILE =      FUNC =      LINE =      frac 0.7407->0.8025       (+0.0617)
  sveltejs__svelte-10391                     FILE =      FUNC =      LINE =      frac 0.0143->0.0857       (+0.0714)
  iamkun__dayjs-602                          FILE =      FUNC =      LINE =      frac 0.7826->0.8696       (+0.0870)
  mui__material-ui-36426                     FILE =      FUNC =      LINE =      frac 0.0000->0.0923       (+0.0923)
  mui__material-ui-35088                     FILE =      FUNC =      LINE =      frac 0.0000->0.1029       (+0.1029)
  mui__material-ui-32185                     FILE =      FUNC =      LINE =      frac 0.5303->0.6364       (+0.1061)
  mui__material-ui-30118                     FILE =      FUNC =      LINE =      frac 0.3529->0.4706       (+0.1176)
  axios__axios-5338                          FILE =      FUNC =      LINE =      frac 0.4165->0.5365       (+0.1200)
  sveltejs__svelte-10430                     FILE =      FUNC =      LINE =      frac 0.1250->0.2500       (+0.1250)
  mui__material-ui-34247                     FILE =      FUNC =      LINE =      frac 0.0000->0.1429       (+0.1429)
  mui__material-ui-30515                     FILE =      FUNC =      LINE =      frac 0.1463->0.2927       (+0.1463)
  mui__material-ui-33312                     FILE =      FUNC =      LINE =      frac 0.1176->0.2824       (+0.1647)
  sveltejs__svelte-9497                      FILE =      FUNC =      LINE =      frac 0.3333->0.5000       (+0.1667)
  mui__material-ui-29898                     FILE =      FUNC =      LINE =      frac 0.1034->0.2759       (+0.1724)
  mui__material-ui-30899                     FILE =      FUNC =      LINE =      frac 0.5652->0.7826       (+0.2174)
  sveltejs__svelte-9471                      FILE =      FUNC =      LINE =      frac 0.0000->0.2812       (+0.2812)
  mui__material-ui-28645                     FILE =      FUNC =      LINE =      frac 0.2544->0.6228       (+0.3684)
  expressjs__express-5555                    FILE =      FUNC =      LINE =      frac 0.0000->0.7000       (+0.7000)
  mui__material-ui-30561                     FILE =      FUNC =      LINE 0->1   frac 0.0000->1.0000       (+1.0000)
  mui__material-ui-35086                     FILE =      FUNC =      LINE 0->1   frac 0.0000->1.0000       (+1.0000)
wrote lab/results_regions/e25/jsts_paired.json
