
=== c ===
arm          n  err             FILE         FUNCTION             LINE      frac
default    128    1    46.88 ( 60)    28.12 ( 36)    10.94 ( 14)   0.20217
shape      128    1    46.88 ( 60)    28.91 ( 37)    12.50 ( 16)   0.21779
delta                  +0.00          +0.79          +1.56        +0.01563
McNemar FILE      default-only=  0 shape-only=  0 p=1.0000
McNemar FUNCTION  default-only=  1 shape-only=  2 p=1.0000
McNemar LINE      default-only=  0 shape-only=  2 p=0.5000
Wilcoxon frac    n_nonzero=26 up=18 down=8 p=0.0525

changed instances: 26 of 128
  facebook__zstd-2130                        FILE =      FUNC =      LINE =      frac 0.2473->0.0000       (-0.2473)
  ponylang__ponyc-4017                       FILE =      FUNC 1->0   LINE =      frac 0.5556->0.3704       (-0.1852)
  jqlang__jq-2824                            FILE =      FUNC =      LINE =      frac 0.1724->0.0000       (-0.1724)
  facebook__zstd-2094                        FILE =      FUNC =      LINE =      frac 0.2148->0.1333       (-0.0815)
  ponylang__ponyc-4182                       FILE =      FUNC =      LINE =      frac 0.6000->0.5625       (-0.0375)
  facebook__zstd-836                         FILE =      FUNC =      LINE =      frac 0.1181->0.1076       (-0.0104)
  jqlang__jq-2821                            FILE =      FUNC =      LINE =      frac 0.0661->0.0579       (-0.0083)
  ponylang__ponyc-2168                       FILE =      FUNC =      LINE =      frac 0.0339->0.0329       (-0.0010)
  facebook__zstd-3530                        FILE =      FUNC =      LINE =      frac 0.2885->0.3077       (+0.0192)
  ponylang__ponyc-3746                       FILE =      FUNC =      LINE =      frac 0.1419->0.1645       (+0.0226)
  ponylang__ponyc-3293                       FILE =      FUNC =      LINE =      frac 0.4049->0.4296       (+0.0246)
  ponylang__ponyc-3953                       FILE =      FUNC =      LINE =      frac 0.0000->0.0268       (+0.0268)
  facebook__zstd-1008                        FILE =      FUNC =      LINE =      frac 0.1062->0.1375       (+0.0312)
  facebook__zstd-1540                        FILE =      FUNC =      LINE =      frac 0.0673->0.0998       (+0.0324)
  jqlang__jq-2646                            FILE =      FUNC 0->1   LINE =      frac 0.5000->0.5385       (+0.0385)
  facebook__zstd-1390                        FILE =      FUNC =      LINE =      frac 0.0833->0.1296       (+0.0463)
  facebook__zstd-3223                        FILE =      FUNC =      LINE =      frac 0.0143->0.0857       (+0.0714)
  ponylang__ponyc-2586                       FILE =      FUNC =      LINE 0->1   frac 0.9268->1.0000       (+0.0732)
  facebook__zstd-1416                        FILE =      FUNC =      LINE =      frac 0.1454->0.2199       (+0.0745)
  facebook__zstd-1530                        FILE =      FUNC =      LINE =      frac 0.6082->0.7310       (+0.1228)
  facebook__zstd-1532                        FILE =      FUNC =      LINE =      frac 0.0463->0.1944       (+0.1481)
  ponylang__ponyc-2853                       FILE =      FUNC =      LINE =      frac 0.0000->0.1579       (+0.1579)
  ponylang__ponyc-2660                       FILE =      FUNC =      LINE =      frac 0.0000->0.1725       (+0.1725)
  facebook__zstd-1837                        FILE =      FUNC =      LINE =      frac 0.3861->0.5644       (+0.1782)
  facebook__zstd-1459                        FILE =      FUNC =      LINE =      frac 0.0000->0.4878       (+0.4878)
  jqlang__jq-2839                            FILE =      FUNC 0->1   LINE 0->1   frac 0.0000->1.0000       (+1.0000)
wrote lab/results_regions/e25/c_paired.json
