
=== rust ===
arm          n  err             FILE         FUNCTION             LINE      frac
default    239    0    60.25 (144)    19.67 ( 47)     7.53 ( 18)   0.24315
shape      239    0    60.25 (144)    20.92 ( 50)     7.11 ( 17)   0.23001
delta                  +0.00          +1.25          -0.42        -0.01314
McNemar FILE      default-only=  0 shape-only=  0 p=1.0000
McNemar FUNCTION  default-only=  5 shape-only=  8 p=0.5811
McNemar LINE      default-only=  2 shape-only=  1 p=1.0000
Wilcoxon frac    n_nonzero=93 up=44 down=49 p=0.3548

changed instances: 101 of 239
  BurntSushi__ripgrep-954                    FILE =      FUNC 1->0   LINE 1->0   frac 1.0000->0.0000       (-1.0000)
  tokio-rs__tracing-1236                     FILE =      FUNC 1->0   LINE 1->0   frac 1.0000->0.0000       (-1.0000)
  clap-rs__clap-3196                         FILE =      FUNC =      LINE =      frac 0.9091->0.0000       (-0.9091)
  clap-rs__clap-2253                         FILE =      FUNC 1->0   LINE =      frac 0.8421->0.0000       (-0.8421)
  clap-rs__clap-4909                         FILE =      FUNC =      LINE =      frac 0.6842->0.3158       (-0.3684)
  sharkdp__fd-555                            FILE =      FUNC =      LINE =      frac 0.5385->0.1923       (-0.3462)
  clap-rs__clap-2990                         FILE =      FUNC =      LINE =      frac 0.2500->0.0000       (-0.2500)
  rayon-rs__rayon-986                        FILE =      FUNC 1->0   LINE =      frac 0.2727->0.0455       (-0.2273)
  serde-rs__serde-2709                       FILE =      FUNC =      LINE =      frac 0.2083->0.0000       (-0.2083)
  clap-rs__clap-3212                         FILE =      FUNC =      LINE =      frac 0.4759->0.2733       (-0.2026)
  BurntSushi__ripgrep-1642                   FILE =      FUNC =      LINE =      frac 0.3462->0.1538       (-0.1923)
  clap-rs__clap-1710                         FILE =      FUNC =      LINE =      frac 0.4615->0.2885       (-0.1731)
  tokio-rs__tracing-1252                     FILE =      FUNC =      LINE =      frac 0.5256->0.3718       (-0.1538)
  sharkdp__fd-658                            FILE =      FUNC =      LINE =      frac 0.2857->0.1429       (-0.1429)
  sharkdp__fd-497                            FILE =      FUNC =      LINE =      frac 0.5111->0.3778       (-0.1333)
  sharkdp__fd-866                            FILE =      FUNC =      LINE =      frac 0.4528->0.3208       (-0.1321)
  clap-rs__clap-2093                         FILE =      FUNC =      LINE =      frac 0.1304->0.0000       (-0.1304)
  clap-rs__clap-2882                         FILE =      FUNC =      LINE =      frac 0.1562->0.0312       (-0.1250)
  tokio-rs__tracing-1045                     FILE =      FUNC =      LINE =      frac 0.4074->0.2963       (-0.1111)
  clap-rs__clap-4080                         FILE =      FUNC =      LINE =      frac 0.1340->0.0309       (-0.1031)
  tokio-rs__bytes-547                        FILE =      FUNC =      LINE =      frac 0.1268->0.0282       (-0.0986)
  tokio-rs__tokio-5144                       FILE =      FUNC =      LINE =      frac 0.2857->0.1905       (-0.0952)
  sharkdp__bat-2665                          FILE =      FUNC =      LINE =      frac 0.3766->0.2857       (-0.0909)
  clap-rs__clap-4635                         FILE =      FUNC =      LINE =      frac 0.3667->0.2889       (-0.0778)
  clap-rs__clap-3975                         FILE =      FUNC =      LINE =      frac 0.1338->0.0568       (-0.0770)
  tokio-rs__tokio-6290                       FILE =      FUNC =      LINE =      frac 0.4667->0.4000       (-0.0667)
  tokio-rs__tokio-6345                       FILE =      FUNC =      LINE =      frac 0.5484->0.4839       (-0.0645)
  nushell__nushell-13870                     FILE =      FUNC =      LINE =      frac 0.1270->0.0688       (-0.0582)
  clap-rs__clap-2075                         FILE =      FUNC =      LINE =      frac 0.9091->0.8636       (-0.0455)
  tokio-rs__tokio-6205                       FILE =      FUNC =      LINE =      frac 0.2228->0.1782       (-0.0446)
  tokio-rs__tracing-1853                     FILE =      FUNC =      LINE =      frac 0.4200->0.3875       (-0.0325)
  tokio-rs__tracing-2335                     FILE =      FUNC =      LINE =      frac 0.1073->0.0847       (-0.0226)
  clap-rs__clap-5206                         FILE =      FUNC =      LINE =      frac 0.0208->0.0000       (-0.0208)
  nushell__nushell-13357                     FILE =      FUNC =      LINE =      frac 0.0635->0.0459       (-0.0176)
  tokio-rs__tracing-2001                     FILE =      FUNC =      LINE =      frac 0.7667->0.7500       (-0.0167)
  clap-rs__clap-4056                         FILE =      FUNC =      LINE =      frac 0.0579->0.0428       (-0.0151)
  clap-rs__clap-3402                         FILE =      FUNC =      LINE =      frac 0.0898->0.0757       (-0.0140)
  sharkdp__bat-1402                          FILE =      FUNC =      LINE =      frac 0.6625->0.6500       (-0.0125)
  clap-rs__clap-4103                         FILE =      FUNC =      LINE =      frac 0.0458->0.0364       (-0.0095)
  clap-rs__clap-1869                         FILE =      FUNC =      LINE =      frac 0.0610->0.0516       (-0.0094)
  tokio-rs__tracing-1228                     FILE =      FUNC =      LINE =      frac 0.5653->0.5562       (-0.0091)
  clap-rs__clap-4248                         FILE =      FUNC =      LINE =      frac 0.4333->0.4250       (-0.0083)
  tokio-rs__tracing-1015                     FILE =      FUNC =      LINE =      frac 0.0560->0.0513       (-0.0047)
  clap-rs__clap-4072                         FILE =      FUNC =      LINE =      frac 0.0354->0.0309       (-0.0046)
  clap-rs__clap-2758                         FILE =      FUNC =      LINE =      frac 0.2018->0.1973       (-0.0045)
  clap-rs__clap-4081                         FILE =      FUNC =      LINE =      frac 0.0311->0.0272       (-0.0039)
  rayon-rs__rayon-863                        FILE =      FUNC =      LINE =      frac 0.8645->0.8621       (-0.0023)
  tokio-rs__tracing-1523                     FILE =      FUNC =      LINE =      frac 0.0711->0.0693       (-0.0019)
  clap-rs__clap-3732                         FILE =      FUNC =      LINE =      frac 0.0469->0.0452       (-0.0017)
  BurntSushi__ripgrep-1367                   FILE =      FUNC 0->1   LINE =      frac =                    (+0.0000)
  clap-rs__clap-2771                         FILE =      FUNC 0->1   LINE =      frac =                    (+0.0000)
  clap-rs__clap-3169                         FILE =      FUNC 0->1   LINE =      frac =                    (+0.0000)
  clap-rs__clap-3311                         FILE =      FUNC 0->1   LINE =      frac =                    (+0.0000)
  clap-rs__clap-3960                         FILE =      FUNC 0->1   LINE =      frac =                    (+0.0000)
  clap-rs__clap-5227                         FILE =      FUNC 0->1   LINE =      frac =                    (+0.0000)
  sharkdp__fd-986                            FILE =      FUNC 0->1   LINE =      frac =                    (+0.0000)
  tokio-rs__tracing-1297                     FILE =      FUNC 1->0   LINE =      frac =                    (+0.0000)
  BurntSushi__ripgrep-2610                   FILE =      FUNC =      LINE =      frac 0.0206->0.0223       (+0.0017)
  clap-rs__clap-2669                         FILE =      FUNC =      LINE =      frac 0.1180->0.1198       (+0.0018)
  clap-rs__clap-4601                         FILE =      FUNC =      LINE =      frac 0.0102->0.0135       (+0.0034)
  nushell__nushell-10381                     FILE =      FUNC =      LINE =      frac 0.0983->0.1062       (+0.0080)
  clap-rs__clap-3968                         FILE =      FUNC =      LINE =      frac 0.1522->0.1630       (+0.0109)
  BurntSushi__ripgrep-2626                   FILE =      FUNC =      LINE =      frac 0.0714->0.0824       (+0.0109)
  tokio-rs__tokio-5179                       FILE =      FUNC =      LINE =      frac 0.2883->0.3006       (+0.0123)
  clap-rs__clap-3684                         FILE =      FUNC =      LINE =      frac 0.1062->0.1187       (+0.0125)
  clap-rs__clap-2190                         FILE =      FUNC =      LINE =      frac 0.7324->0.7465       (+0.0141)
  clap-rs__clap-5080                         FILE =      FUNC =      LINE =      frac 0.0000->0.0143       (+0.0143)
  clap-rs__clap-2677                         FILE =      FUNC =      LINE =      frac 0.1007->0.1171       (+0.0164)
  clap-rs__clap-2749                         FILE =      FUNC =      LINE =      frac 0.2615->0.2785       (+0.0169)
  tokio-rs__tokio-6742                       FILE =      FUNC =      LINE =      frac 0.0816->0.0986       (+0.0170)
  clap-rs__clap-2878                         FILE =      FUNC =      LINE =      frac 0.4828->0.5000       (+0.0172)
  clap-rs__clap-2297                         FILE =      FUNC =      LINE =      frac 0.0195->0.0375       (+0.0179)
  tokio-rs__tracing-1983                     FILE =      FUNC =      LINE =      frac 0.0204->0.0408       (+0.0204)
  sharkdp__bat-1518                          FILE =      FUNC =      LINE =      frac 0.2276->0.2483       (+0.0207)
  clap-rs__clap-1958                         FILE =      FUNC =      LINE =      frac 0.3827->0.4074       (+0.0247)
  clap-rs__clap-2296                         FILE =      FUNC =      LINE =      frac 0.2105->0.2421       (+0.0316)
  tokio-rs__tokio-4613                       FILE =      FUNC =      LINE =      frac 0.4194->0.4516       (+0.0323)
  clap-rs__clap-3678                         FILE =      FUNC =      LINE =      frac 0.0318->0.0682       (+0.0364)
  tokio-rs__tokio-5520                       FILE =      FUNC =      LINE =      frac 0.4933->0.5333       (+0.0400)
  tokio-rs__tracing-2892                     FILE =      FUNC =      LINE =      frac 0.0000->0.0448       (+0.0448)
  tokio-rs__tracing-2897                     FILE =      FUNC =      LINE =      frac 0.0000->0.0448       (+0.0448)
  clap-rs__clap-3453                         FILE =      FUNC =      LINE =      frac 0.0154->0.0615       (+0.0462)
  clap-rs__clap-3990                         FILE =      FUNC =      LINE =      frac 0.2075->0.2689       (+0.0613)
  sharkdp__bat-1276                          FILE =      FUNC =      LINE =      frac 0.3125->0.3750       (+0.0625)
  tokio-rs__tokio-5781                       FILE =      FUNC =      LINE =      frac 0.0280->0.0909       (+0.0629)
  tokio-rs__tokio-5566                       FILE =      FUNC =      LINE =      frac 0.1220->0.1854       (+0.0634)
  tokio-rs__tracing-2008                     FILE =      FUNC =      LINE =      frac 0.0659->0.1319       (+0.0659)
  tokio-rs__tracing-1017                     FILE =      FUNC =      LINE =      frac 0.0401->0.1067       (+0.0665)
  sharkdp__fd-558                            FILE =      FUNC =      LINE =      frac 0.1049->0.1783       (+0.0734)
  clap-rs__clap-5489                         FILE =      FUNC =      LINE =      frac 0.0000->0.0743       (+0.0743)
  nushell__nushell-11169                     FILE =      FUNC =      LINE =      frac 0.0000->0.1000       (+0.1000)
  tokio-rs__tracing-1291                     FILE =      FUNC =      LINE =      frac 0.4350->0.5498       (+0.1148)
  sharkdp__fd-569                            FILE =      FUNC =      LINE =      frac 0.2951->0.4262       (+0.1311)
  nushell__nushell-12118                     FILE =      FUNC =      LINE =      frac 0.1200->0.2600       (+0.1400)
  clap-rs__clap-5298                         FILE =      FUNC =      LINE =      frac 0.0000->0.1609       (+0.1609)
  clap-rs__clap-2168                         FILE =      FUNC =      LINE =      frac 0.0000->0.2222       (+0.2222)
  clap-rs__clap-2930                         FILE =      FUNC =      LINE =      frac 0.0000->0.3333       (+0.3333)
  tokio-rs__bytes-732                        FILE =      FUNC 0->1   LINE =      frac 0.3500->0.7000       (+0.3500)
  tokio-rs__bytes-643                        FILE =      FUNC =      LINE =      frac 0.3167->0.6833       (+0.3667)
  sharkdp__fd-590                            FILE =      FUNC =      LINE =      frac 0.0213->0.5957       (+0.5745)
  tokio-rs__tracing-2090                     FILE =      FUNC =      LINE 0->1   frac 0.0000->1.0000       (+1.0000)
wrote lab/results_regions/e25/rust_paired.json
