
=== cpp ===
arm          n  err             FILE         FUNCTION             LINE      frac
default    129    0    65.89 ( 85)    17.83 ( 23)     6.98 (  9)   0.29866
shape      129    0    65.89 ( 85)    21.71 ( 28)     6.98 (  9)   0.28142
delta                  +0.00          +3.88          +0.00        -0.01724
McNemar FILE      default-only=  0 shape-only=  0 p=1.0000
McNemar FUNCTION  default-only=  2 shape-only=  7 p=0.1797
McNemar LINE      default-only=  3 shape-only=  3 p=1.0000
Wilcoxon frac    n_nonzero=71 up=30 down=41 p=0.2256

changed instances: 74 of 129
  fmtlib__fmt-3713                           FILE =      FUNC 1->0   LINE 1->0   frac 1.0000->0.0000       (-1.0000)
  fmtlib__fmt-2610                           FILE =      FUNC =      LINE =      frac 0.8750->0.3750       (-0.5000)
  fmtlib__fmt-1390                           FILE =      FUNC =      LINE =      frac 0.4615->0.0000       (-0.4615)
  catchorg__Catch2-2288                      FILE =      FUNC =      LINE 1->0   frac 1.0000->0.5714       (-0.4286)
  fmtlib__fmt-3732                           FILE =      FUNC =      LINE =      frac 0.6818->0.2727       (-0.4091)
  fmtlib__fmt-1407                           FILE =      FUNC =      LINE =      frac 0.3571->0.0000       (-0.3571)
  nlohmann__json-2258                        FILE =      FUNC =      LINE =      frac 0.2667->0.0000       (-0.2667)
  simdjson__simdjson-2150                    FILE =      FUNC =      LINE =      frac 0.6250->0.3750       (-0.2500)
  nlohmann__json-3664                        FILE =      FUNC =      LINE =      frac 0.2609->0.0507       (-0.2101)
  fmtlib__fmt-3555                           FILE =      FUNC =      LINE =      frac 0.2800->0.0800       (-0.2000)
  nlohmann__json-1323                        FILE =      FUNC =      LINE =      frac 0.1875->0.0000       (-0.1875)
  nlohmann__json-2989                        FILE =      FUNC =      LINE =      frac 0.7885->0.6538       (-0.1346)
  catchorg__Catch2-1609                      FILE =      FUNC =      LINE =      frac 0.1279->0.0000       (-0.1279)
  fmtlib__fmt-1837                           FILE =      FUNC =      LINE =      frac 0.8333->0.7222       (-0.1111)
  fmtlib__fmt-3750                           FILE =      FUNC =      LINE =      frac 0.8571->0.7714       (-0.0857)
  nlohmann__json-2866                        FILE =      FUNC =      LINE =      frac 0.3378->0.2568       (-0.0811)
  fmtlib__fmt-3824                           FILE =      FUNC =      LINE =      frac 0.4286->0.3571       (-0.0714)
  simdjson__simdjson-2016                    FILE =      FUNC =      LINE =      frac 0.2353->0.1647       (-0.0706)
  nlohmann__json-2212                        FILE =      FUNC =      LINE =      frac 0.0941->0.0242       (-0.0699)
  fmtlib__fmt-1171                           FILE =      FUNC =      LINE =      frac 0.0625->0.0000       (-0.0625)
  catchorg__Catch2-2128                      FILE =      FUNC 1->0   LINE =      frac 0.9877->0.9259       (-0.0617)
  catchorg__Catch2-2849                      FILE =      FUNC =      LINE =      frac 0.2118->0.1527       (-0.0591)
  nlohmann__json-3073                        FILE =      FUNC =      LINE =      frac 0.5079->0.4503       (-0.0576)
  catchorg__Catch2-1422                      FILE =      FUNC =      LINE =      frac 0.0568->0.0000       (-0.0568)
  fmtlib__fmt-2310                           FILE =      FUNC =      LINE =      frac 0.8500->0.8000       (-0.0500)
  nlohmann__json-3564                        FILE =      FUNC =      LINE =      frac 0.3363->0.2924       (-0.0439)
  simdjson__simdjson-2026                    FILE =      FUNC =      LINE =      frac 0.0856->0.0428       (-0.0428)
  nlohmann__json-1301                        FILE =      FUNC =      LINE =      frac 0.1600->0.1200       (-0.0400)
  simdjson__simdjson-543                     FILE =      FUNC =      LINE =      frac 0.1737->0.1344       (-0.0393)
  simdjson__simdjson-545                     FILE =      FUNC =      LINE =      frac 0.0680->0.0291       (-0.0388)
  fmtlib__fmt-3729                           FILE =      FUNC =      LINE =      frac 0.5385->0.5000       (-0.0385)
  catchorg__Catch2-1614                      FILE =      FUNC =      LINE =      frac 0.2289->0.1928       (-0.0361)
  fmtlib__fmt-1663                           FILE =      FUNC =      LINE =      frac 0.6567->0.6269       (-0.0299)
  nlohmann__json-18                          FILE =      FUNC =      LINE 1->0   frac 1.0000->0.9706       (-0.0294)
  simdjson__simdjson-958                     FILE =      FUNC =      LINE =      frac 0.2059->0.1765       (-0.0294)
  simdjson__simdjson-954                     FILE =      FUNC =      LINE =      frac 0.1353->0.1128       (-0.0225)
  nlohmann__json-4512                        FILE =      FUNC =      LINE =      frac 0.2875->0.2750       (-0.0125)
  fmtlib__fmt-974                            FILE =      FUNC =      LINE =      frac 0.3391->0.3304       (-0.0087)
  nlohmann__json-3446                        FILE =      FUNC =      LINE =      frac 0.0742->0.0657       (-0.0084)
  simdjson__simdjson-524                     FILE =      FUNC =      LINE =      frac 0.0203->0.0123       (-0.0081)
  nlohmann__json-3590                        FILE =      FUNC =      LINE =      frac 0.0153->0.0147       (-0.0006)
  fmtlib__fmt-2317                           FILE =      FUNC 0->1   LINE =      frac =                    (+0.0000)
  fmtlib__fmt-3537                           FILE =      FUNC 0->1   LINE =      frac =                    (+0.0000)
  nlohmann__json-3543                        FILE =      FUNC 0->1   LINE =      frac =                    (+0.0000)
  nlohmann__json-1303                        FILE =      FUNC =      LINE =      frac 0.0139->0.0156       (+0.0017)
  nlohmann__json-3415                        FILE =      FUNC =      LINE =      frac 0.0260->0.0293       (+0.0032)
  simdjson__simdjson-559                     FILE =      FUNC =      LINE =      frac 0.1129->0.1193       (+0.0064)
  simdjson__simdjson-485                     FILE =      FUNC =      LINE =      frac 0.0488->0.0561       (+0.0072)
  catchorg__Catch2-1616                      FILE =      FUNC =      LINE =      frac 0.0294->0.0380       (+0.0086)
  nlohmann__json-2273                        FILE =      FUNC =      LINE =      frac 0.2409->0.2555       (+0.0146)
  catchorg__Catch2-2723                      FILE =      FUNC =      LINE =      frac 0.6000->0.6182       (+0.0182)
  simdjson__simdjson-644                     FILE =      FUNC =      LINE =      frac 0.2161->0.2500       (+0.0339)
  simdjson__simdjson-1695                    FILE =      FUNC =      LINE =      frac 0.0000->0.0353       (+0.0353)
  nlohmann__json-2576                        FILE =      FUNC =      LINE =      frac 0.0818->0.1256       (+0.0438)
  nlohmann__json-3332                        FILE =      FUNC =      LINE =      frac 0.5833->0.6310       (+0.0476)
  nlohmann__json-545                         FILE =      FUNC 0->1   LINE =      frac 0.2778->0.3333       (+0.0556)
  nlohmann__json-1821                        FILE =      FUNC =      LINE =      frac 0.0562->0.1124       (+0.0562)
  fmtlib__fmt-1361                           FILE =      FUNC =      LINE =      frac 0.3438->0.4062       (+0.0625)
  fmtlib__fmt-3271                           FILE =      FUNC =      LINE =      frac 0.3882->0.4588       (+0.0706)
  fmtlib__fmt-2940                           FILE =      FUNC =      LINE =      frac 0.6429->0.7143       (+0.0714)
  catchorg__Catch2-1448                      FILE =      FUNC =      LINE =      frac 0.0508->0.1271       (+0.0763)
  nlohmann__json-3663                        FILE =      FUNC =      LINE =      frac 0.2278->0.3089       (+0.0811)
  nlohmann__json-1555                        FILE =      FUNC =      LINE =      frac 0.0291->0.1165       (+0.0874)
  fmtlib__fmt-3912                           FILE =      FUNC =      LINE =      frac 0.6699->0.7864       (+0.1165)
  fmtlib__fmt-3913                           FILE =      FUNC =      LINE =      frac 0.6699->0.7864       (+0.1165)
  nlohmann__json-2319                        FILE =      FUNC =      LINE =      frac 0.1964->0.3214       (+0.1250)
  fmtlib__fmt-3260                           FILE =      FUNC =      LINE =      frac 0.2029->0.3478       (+0.1449)
  fmtlib__fmt-2158                           FILE =      FUNC =      LINE 0->1   frac 0.8148->1.0000       (+0.1852)
  nlohmann__json-708                         FILE =      FUNC 0->1   LINE 0->1   frac 0.8125->1.0000       (+0.1875)
  nlohmann__json-969                         FILE =      FUNC 0->1   LINE 0->1   frac 0.8000->1.0000       (+0.2000)
  nlohmann__json-3523                        FILE =      FUNC =      LINE =      frac 0.0000->0.2857       (+0.2857)
  simdjson__simdjson-1899                    FILE =      FUNC 0->1   LINE =      frac 0.0000->0.3333       (+0.3333)
  nlohmann__json-2019                        FILE =      FUNC =      LINE =      frac 0.0000->0.5000       (+0.5000)
  fmtlib__fmt-3569                           FILE =      FUNC =      LINE =      frac 0.0000->0.6000       (+0.6000)
wrote lab/results_regions/e25/cpp_paired.json
