
=== go ===
arm          n  err             FILE         FUNCTION             LINE      frac
default    428    1    64.95 (278)    28.97 (124)    16.59 ( 71)   0.41021
shape      428    1    64.95 (278)    30.84 (132)    15.89 ( 68)   0.39457
delta                  +0.00          +1.87          -0.70        -0.01563
McNemar FILE      default-only=  0 shape-only=  0 p=1.0000
McNemar FUNCTION  default-only= 10 shape-only= 18 p=0.1849
McNemar LINE      default-only= 12 shape-only=  9 p=0.6636
Wilcoxon frac    n_nonzero=159 up=69 down=90 p=0.0537

changed instances: 166 of 428
  cli__cli-3827                              FILE =      FUNC 1->0   LINE 1->0   frac 1.0000->0.0000       (-1.0000)
  cli__cli-5985                              FILE =      FUNC =      LINE 1->0   frac 1.0000->0.0000       (-1.0000)
  cli__cli-4090                              FILE =      FUNC =      LINE =      frac 0.8800->0.2400       (-0.6400)
  cli__cli-4862                              FILE =      FUNC =      LINE 1->0   frac 1.0000->0.3611       (-0.6389)
  cli__cli-2282                              FILE =      FUNC =      LINE 1->0   frac 1.0000->0.4634       (-0.5366)
  cli__cli-6706                              FILE =      FUNC =      LINE =      frac 0.5000->0.0000       (-0.5000)
  cli__cli-9938                              FILE =      FUNC =      LINE 1->0   frac 1.0000->0.5000       (-0.5000)
  cli__cli-4845                              FILE =      FUNC =      LINE =      frac 0.8378->0.3514       (-0.4865)
  cli__cli-2209                              FILE =      FUNC =      LINE =      frac 0.6744->0.2093       (-0.4651)
  cli__cli-5675                              FILE =      FUNC =      LINE =      frac 0.6190->0.1905       (-0.4286)
  cli__cli-7621                              FILE =      FUNC =      LINE 1->0   frac 1.0000->0.6000       (-0.4000)
  cli__cli-8146                              FILE =      FUNC =      LINE =      frac 0.3667->0.0000       (-0.3667)
  cli__cli-8235                              FILE =      FUNC =      LINE 1->0   frac 1.0000->0.6429       (-0.3571)
  cli__cli-8141                              FILE =      FUNC 0->1   LINE =      frac 0.3529->0.0000       (-0.3529)
  cli__cli-7249                              FILE =      FUNC =      LINE =      frac 0.5000->0.1667       (-0.3333)
  cli__cli-7866                              FILE =      FUNC =      LINE =      frac 0.3333->0.0333       (-0.3000)
  cli__cli-5537                              FILE =      FUNC =      LINE =      frac 0.5000->0.2125       (-0.2875)
  cli__cli-3578                              FILE =      FUNC 0->1   LINE =      frac 0.5556->0.2778       (-0.2778)
  cli__cli-9520                              FILE =      FUNC 1->0   LINE =      frac 0.6667->0.3889       (-0.2778)
  cli__cli-8552                              FILE =      FUNC 1->0   LINE 1->0   frac 1.0000->0.7347       (-0.2653)
  cli__cli-3997                              FILE =      FUNC 0->1   LINE =      frac 0.8071->0.5429       (-0.2643)
  cli__cli-5396                              FILE =      FUNC =      LINE 1->0   frac 1.0000->0.7500       (-0.2500)
  cli__cli-9863                              FILE =      FUNC =      LINE =      frac 0.2500->0.0000       (-0.2500)
  cli__cli-7347                              FILE =      FUNC =      LINE =      frac 0.3235->0.0882       (-0.2353)
  cli__cli-7747                              FILE =      FUNC =      LINE =      frac 0.2195->0.0000       (-0.2195)
  cli__cli-8935                              FILE =      FUNC =      LINE =      frac 0.5122->0.2927       (-0.2195)
  cli__cli-9845                              FILE =      FUNC =      LINE =      frac 0.5079->0.3016       (-0.2063)
  cli__cli-1867                              FILE =      FUNC =      LINE =      frac 0.2000->0.0000       (-0.2000)
  cli__cli-5692                              FILE =      FUNC =      LINE =      frac 0.1930->0.0000       (-0.1930)
  cli__cli-2146                              FILE =      FUNC 1->0   LINE =      frac 0.2708->0.1042       (-0.1667)
  cli__cli-8180                              FILE =      FUNC =      LINE =      frac 0.1613->0.0000       (-0.1613)
  cli__cli-7879                              FILE =      FUNC =      LINE =      frac 0.2000->0.0400       (-0.1600)
  grpc__grpc-go-2629                         FILE =      FUNC =      LINE =      frac 0.4533->0.2933       (-0.1600)
  cli__cli-4654                              FILE =      FUNC =      LINE =      frac 0.4940->0.3373       (-0.1566)
  cli__cli-962                               FILE =      FUNC 1->0   LINE =      frac 0.3846->0.2308       (-0.1538)
  cli__cli-6074                              FILE =      FUNC =      LINE =      frac 0.6061->0.4545       (-0.1515)
  cli__cli-1155                              FILE =      FUNC =      LINE =      frac 0.6667->0.5185       (-0.1481)
  cli__cli-4748                              FILE =      FUNC =      LINE =      frac 0.2857->0.1429       (-0.1429)
  cli__cli-690                               FILE =      FUNC =      LINE =      frac 0.3143->0.1714       (-0.1429)
  cli__cli-2250                              FILE =      FUNC =      LINE =      frac 0.6250->0.5000       (-0.1250)
  cli__cli-7709                              FILE =      FUNC =      LINE =      frac 0.4821->0.3571       (-0.1250)
  cli__cli-665                               FILE =      FUNC 1->0   LINE 1->0   frac 1.0000->0.8784       (-0.1216)
  cli__cli-7080                              FILE =      FUNC =      LINE =      frac 0.3467->0.2267       (-0.1200)
  cli__cli-4467                              FILE =      FUNC =      LINE =      frac 0.1124->0.0000       (-0.1124)
  cli__cli-549                               FILE =      FUNC =      LINE =      frac 0.4632->0.3529       (-0.1103)
  cli__cli-5539                              FILE =      FUNC =      LINE =      frac 0.2182->0.1091       (-0.1091)
  cli__cli-2138                              FILE =      FUNC 1->0   LINE 1->0   frac 1.0000->0.8929       (-0.1071)
  cli__cli-3769                              FILE =      FUNC =      LINE =      frac 0.2105->0.1053       (-0.1053)
  cli__cli-7311                              FILE =      FUNC =      LINE =      frac 0.1447->0.0418       (-0.1029)
  cli__cli-2108                              FILE =      FUNC =      LINE =      frac 0.1452->0.0484       (-0.0968)
  grpc__grpc-go-2735                         FILE =      FUNC =      LINE =      frac 0.4185->0.3261       (-0.0924)
  cli__cli-4534                              FILE =      FUNC =      LINE =      frac 0.2442->0.1551       (-0.0891)
  cli__cli-1476                              FILE =      FUNC =      LINE =      frac 0.3514->0.2703       (-0.0811)
  cli__cli-2004                              FILE =      FUNC =      LINE =      frac 0.2903->0.2097       (-0.0806)
  cli__cli-7451                              FILE =      FUNC =      LINE =      frac 0.0704->0.0000       (-0.0704)
  cli__cli-4656                              FILE =      FUNC =      LINE =      frac 0.1047->0.0349       (-0.0698)
  grpc__grpc-go-2951                         FILE =      FUNC =      LINE =      frac 0.0818->0.0136       (-0.0681)
  cli__cli-7363                              FILE =      FUNC =      LINE =      frac 0.4000->0.3333       (-0.0667)
  cli__cli-728                               FILE =      FUNC =      LINE =      frac 0.4689->0.4025       (-0.0664)
  cli__cli-4453                              FILE =      FUNC =      LINE =      frac 0.2294->0.1647       (-0.0647)
  cli__cli-2224                              FILE =      FUNC =      LINE =      frac 0.7895->0.7263       (-0.0632)
  cli__cli-5229                              FILE =      FUNC =      LINE =      frac 0.3333->0.2727       (-0.0606)
  cli__cli-5251                              FILE =      FUNC =      LINE =      frac 0.4464->0.3929       (-0.0536)
  cli__cli-1639                              FILE =      FUNC =      LINE =      frac 0.2098->0.1574       (-0.0525)
  cli__cli-5801                              FILE =      FUNC =      LINE =      frac 0.0500->0.0000       (-0.0500)
  cli__cli-7873                              FILE =      FUNC =      LINE 1->0   frac 1.0000->0.9524       (-0.0476)
  cli__cli-10139                             FILE =      FUNC =      LINE =      frac 0.0465->0.0000       (-0.0465)
  cli__cli-2034                              FILE =      FUNC 0->1   LINE =      frac 0.7955->0.7500       (-0.0455)
  cli__cli-3414                              FILE =      FUNC =      LINE =      frac 0.1396->0.0967       (-0.0430)
  cli__cli-4655                              FILE =      FUNC =      LINE =      frac 0.5625->0.5208       (-0.0417)
  cli__cli-9868                              FILE =      FUNC =      LINE =      frac 0.0415->0.0000       (-0.0415)
  cli__cli-5272                              FILE =      FUNC =      LINE =      frac 0.3939->0.3545       (-0.0394)
  cli__cli-2157                              FILE =      FUNC =      LINE =      frac 0.5000->0.4615       (-0.0385)
  cli__cli-7353                              FILE =      FUNC =      LINE =      frac 0.0357->0.0000       (-0.0357)
  cli__cli-5569                              FILE =      FUNC =      LINE =      frac 0.4237->0.3898       (-0.0339)
  cli__cli-5570                              FILE =      FUNC =      LINE =      frac 0.4237->0.3898       (-0.0339)
  cli__cli-10009                             FILE =      FUNC =      LINE =      frac 0.4597->0.4274       (-0.0323)
  cli__cli-667                               FILE =      FUNC =      LINE =      frac 0.6832->0.6535       (-0.0297)
  cli__cli-4293                              FILE =      FUNC =      LINE =      frac 0.0985->0.0690       (-0.0296)
  cli__cli-4519                              FILE =      FUNC =      LINE =      frac 0.1245->0.1004       (-0.0241)
  cli__cli-4199                              FILE =      FUNC =      LINE =      frac 0.1322->0.1083       (-0.0239)
  cli__cli-9933                              FILE =      FUNC =      LINE =      frac 0.2619->0.2381       (-0.0238)
  cli__cli-2316                              FILE =      FUNC =      LINE =      frac 0.1278->0.1049       (-0.0229)
  cli__cli-2896                              FILE =      FUNC =      LINE =      frac 0.3750->0.3523       (-0.0227)
  cli__cli-3461                              FILE =      FUNC =      LINE =      frac 0.5000->0.4792       (-0.0208)
  cli__cli-8516                              FILE =      FUNC =      LINE =      frac 0.0670->0.0464       (-0.0206)
  cli__cli-5479                              FILE =      FUNC =      LINE =      frac 0.0351->0.0219       (-0.0132)
  cli__cli-4904                              FILE =      FUNC =      LINE =      frac 0.3529->0.3399       (-0.0131)
  cli__cli-3308                              FILE =      FUNC =      LINE =      frac 0.0329->0.0231       (-0.0099)
  cli__cli-3286                              FILE =      FUNC =      LINE =      frac 0.0414->0.0395       (-0.0018)
  cli__cli-10364                             FILE =      FUNC 0->1   LINE =      frac =                    (+0.0000)
  cli__cli-5356                              FILE =      FUNC 0->1   LINE =      frac =                    (+0.0000)
  cli__cli-638                               FILE =      FUNC 1->0   LINE =      frac =                    (+0.0000)
  cli__cli-7906                              FILE =      FUNC 0->1   LINE =      frac =                    (+0.0000)
  cli__cli-9088                              FILE =      FUNC 1->0   LINE =      frac =                    (+0.0000)
  cli__cli-9115                              FILE =      FUNC 0->1   LINE =      frac =                    (+0.0000)
  zeromicro__go-zero-2537                    FILE =      FUNC 1->0   LINE =      frac =                    (+0.0000)
  cli__cli-9433                              FILE =      FUNC =      LINE =      frac 0.2722->0.2781       (+0.0059)
  cli__cli-9128                              FILE =      FUNC =      LINE =      frac 0.5155->0.5217       (+0.0062)
  cli__cli-885                               FILE =      FUNC =      LINE =      frac 0.4925->0.5000       (+0.0075)
  cli__cli-2892                              FILE =      FUNC =      LINE =      frac 0.5356->0.5467       (+0.0111)
  cli__cli-2058                              FILE =      FUNC =      LINE =      frac 0.3375->0.3500       (+0.0125)
  cli__cli-8157                              FILE =      FUNC =      LINE =      frac 0.0996->0.1157       (+0.0161)
  cli__cli-1373                              FILE =      FUNC =      LINE =      frac 0.2417->0.2583       (+0.0167)
  cli__cli-7646                              FILE =      FUNC =      LINE =      frac 0.0926->0.1111       (+0.0185)
  cli__cli-5306                              FILE =      FUNC =      LINE =      frac 0.4141->0.4343       (+0.0202)
  cli__cli-7960                              FILE =      FUNC =      LINE =      frac 0.1064->0.1277       (+0.0213)
  cli__cli-9037                              FILE =      FUNC =      LINE =      frac 0.1648->0.1875       (+0.0227)
  cli__cli-4886                              FILE =      FUNC =      LINE =      frac 0.1488->0.1736       (+0.0248)
  cli__cli-5648                              FILE =      FUNC =      LINE =      frac 0.0000->0.0248       (+0.0248)
  cli__cli-10354                             FILE =      FUNC =      LINE =      frac 0.0000->0.0256       (+0.0256)
  cli__cli-1479                              FILE =      FUNC =      LINE =      frac 0.4444->0.4722       (+0.0278)
  cli__cli-7954                              FILE =      FUNC 0->1   LINE =      frac 0.6364->0.6667       (+0.0303)
  zeromicro__go-zero-2116                    FILE =      FUNC =      LINE =      frac 0.3231->0.3538       (+0.0308)
  cli__cli-9083                              FILE =      FUNC =      LINE =      frac 0.1374->0.1693       (+0.0319)
  cli__cli-3898                              FILE =      FUNC =      LINE =      frac 0.5902->0.6230       (+0.0328)
  cli__cli-4794                              FILE =      FUNC =      LINE =      frac 0.0855->0.1214       (+0.0359)
  cli__cli-6043                              FILE =      FUNC =      LINE =      frac 0.1614->0.2000       (+0.0386)
  cli__cli-9934                              FILE =      FUNC =      LINE =      frac 0.1739->0.2319       (+0.0580)
  cli__cli-9642                              FILE =      FUNC =      LINE =      frac 0.5588->0.6176       (+0.0588)
  cli__cli-5597                              FILE =      FUNC =      LINE =      frac 0.0000->0.0597       (+0.0597)
  cli__cli-7589                              FILE =      FUNC =      LINE =      frac 0.3072->0.3725       (+0.0654)
  cli__cli-5564                              FILE =      FUNC =      LINE =      frac 0.2095->0.2762       (+0.0667)
  cli__cli-9608                              FILE =      FUNC 0->1   LINE =      frac 0.8000->0.8667       (+0.0667)
  cli__cli-4005                              FILE =      FUNC 0->1   LINE =      frac 0.4699->0.5422       (+0.0723)
  cli__cli-857                               FILE =      FUNC =      LINE =      frac 0.6667->0.7500       (+0.0833)
  cli__cli-3270                              FILE =      FUNC =      LINE =      frac 0.5882->0.6863       (+0.0980)
  cli__cli-7886                              FILE =      FUNC 0->1   LINE =      frac 0.2000->0.3000       (+0.1000)
  grpc__grpc-go-3476                         FILE =      FUNC 0->1   LINE 0->1   frac 0.8929->1.0000       (+0.1071)
  cli__cli-4146                              FILE =      FUNC =      LINE =      frac 0.1667->0.2778       (+0.1111)
  cli__cli-8632                              FILE =      FUNC =      LINE =      frac 0.3111->0.4222       (+0.1111)
  cli__cli-3244                              FILE =      FUNC =      LINE =      frac 0.3265->0.4388       (+0.1122)
  cli__cli-3924                              FILE =      FUNC =      LINE =      frac 0.1837->0.3061       (+0.1224)
  cli__cli-2982                              FILE =      FUNC =      LINE 0->1   frac 0.8750->1.0000       (+0.1250)
  cli__cli-5524                              FILE =      FUNC =      LINE 0->1   frac 0.8750->1.0000       (+0.1250)
  cli__cli-5588                              FILE =      FUNC =      LINE =      frac 0.2123->0.3396       (+0.1274)
  cli__cli-5069                              FILE =      FUNC =      LINE =      frac 0.0000->0.1277       (+0.1277)
  cli__cli-4136                              FILE =      FUNC =      LINE =      frac 0.0000->0.1290       (+0.1290)
  cli__cli-5681                              FILE =      FUNC =      LINE =      frac 0.3627->0.4922       (+0.1295)
  cli__cli-2301                              FILE =      FUNC =      LINE =      frac 0.2791->0.4186       (+0.1395)
  cli__cli-5799                              FILE =      FUNC =      LINE 0->1   frac 0.8605->1.0000       (+0.1395)
  cli__cli-3490                              FILE =      FUNC =      LINE =      frac 0.4750->0.6250       (+0.1500)
  cli__cli-4663                              FILE =      FUNC =      LINE =      frac 0.0000->0.1500       (+0.1500)
  cli__cli-2997                              FILE =      FUNC 0->1   LINE =      frac 0.4237->0.5763       (+0.1525)
  grpc__grpc-go-3119                         FILE =      FUNC =      LINE =      frac 0.1009->0.2569       (+0.1560)
  cli__cli-6969                              FILE =      FUNC =      LINE =      frac 0.6000->0.7600       (+0.1600)
  cli__cli-3445                              FILE =      FUNC =      LINE 0->1   frac 0.8378->1.0000       (+0.1622)
  cli__cli-4310                              FILE =      FUNC 0->1   LINE =      frac 0.3370->0.5109       (+0.1739)
  cli__cli-4007                              FILE =      FUNC =      LINE =      frac 0.0392->0.2157       (+0.1765)
  cli__cli-5595                              FILE =      FUNC =      LINE =      frac 0.0303->0.2121       (+0.1818)
  zeromicro__go-zero-2032                    FILE =      FUNC =      LINE =      frac 0.6316->0.8158       (+0.1842)
  cli__cli-1462                              FILE =      FUNC =      LINE =      frac 0.0000->0.2059       (+0.2059)
  cli__cli-6085                              FILE =      FUNC =      LINE =      frac 0.0000->0.2289       (+0.2289)
  cli__cli-4489                              FILE =      FUNC =      LINE =      frac 0.0410->0.2787       (+0.2377)
  cli__cli-2239                              FILE =      FUNC =      LINE =      frac 0.5357->0.7857       (+0.2500)
  cli__cli-5973                              FILE =      FUNC =      LINE 0->1   frac 0.7391->1.0000       (+0.2609)
  cli__cli-6158                              FILE =      FUNC =      LINE =      frac 0.0000->0.2692       (+0.2692)
  cli__cli-9794                              FILE =      FUNC 0->1   LINE =      frac 0.5000->0.7692       (+0.2692)
  cli__cli-7314                              FILE =      FUNC =      LINE =      frac 0.0000->0.3000       (+0.3000)
  cli__cli-4562                              FILE =      FUNC =      LINE 0->1   frac 0.6842->1.0000       (+0.3158)
  cli__cli-8337                              FILE =      FUNC =      LINE 0->1   frac 0.6842->1.0000       (+0.3158)
  cli__cli-9385                              FILE =      FUNC 0->1   LINE =      frac 0.5556->0.8889       (+0.3333)
  cli__cli-3611                              FILE =      FUNC 0->1   LINE =      frac 0.4286->0.7714       (+0.3429)
  cli__cli-6053                              FILE =      FUNC =      LINE =      frac 0.1781->0.5479       (+0.3699)
  cli__cli-1283                              FILE =      FUNC =      LINE =      frac 0.4722->0.9722       (+0.5000)
  cli__cli-9774                              FILE =      FUNC =      LINE 0->1   frac 0.3235->1.0000       (+0.6765)
wrote lab/results_regions/e25/go_paired.json
