engine version: roust 0.3.2 (a1db4f6, clean)
EXTRA_ENGINE_FLAGS=['--max-additions', '32', '--symbol-graph']
gold parquet: /Users/nicholasarehart/programming-projects/bgrep/lab/swebench_verified_heldout.parquet
pad_lines=5 len_exp=0.85 max_additions=32 budget=8192 instances=None
[25/407] django__django-11087                          elapsed=151s (ok) ok=25 err=0
[50/407] django__django-11734                          elapsed=333s (ok) ok=50 err=0
[75/407] django__django-12774                          elapsed=418s (ok) ok=75 err=0
[100/407] django__django-13568                          elapsed=480s (ok) ok=100 err=0
[125/407] django__django-14376                          elapsed=543s (ok) ok=125 err=0
[150/407] django__django-15368                          elapsed=607s (ok) ok=150 err=0
[175/407] django__django-16100                          elapsed=677s (ok) ok=175 err=0
[200/407] django__django-16901                          elapsed=766s (ok) ok=200 err=0
[225/407] matplotlib__matplotlib-25287                  elapsed=852s (ok) ok=225 err=0
[250/407] pydata__xarray-4075                           elapsed=892s (ok) ok=250 err=0
[275/407] pytest-dev__pytest-10081                      elapsed=935s (ok) ok=275 err=0
[300/407] scikit-learn__scikit-learn-13328              elapsed=970s (ok) ok=300 err=0
[325/407] sphinx-doc__sphinx-7748                       elapsed=1020s (ok) ok=325 err=0
[350/407] sphinx-doc__sphinx-9602                       elapsed=1063s (ok) ok=350 err=0
[375/407] sympy__sympy-15809                            elapsed=1130s (ok) ok=375 err=0
[400/407] sympy__sympy-23413                            elapsed=1212s (ok) ok=400 err=0
[407/407] sympy__sympy-24661                            elapsed=1237s (ok) ok=407 err=0

engine version: roust 0.3.2 (a1db4f6, clean)
wrote 407 records (407 ok, 0 errors) to /Users/nicholasarehart/programming-projects/bgrep/lab/results_regions/e48/arms/ver_sg32.jsonl
