runner A start: Mon Aug 24 17:00:44 KST 2026
engine version: roust 0.2.0 (8034a57, clean)
[25/300] django__django-11848                          elapsed=134s (ok) ok=25 err=0
[50/300] django__django-13220                          elapsed=288s (ok) ok=50 err=0
[75/300] django__django-14580                          elapsed=424s (ok) ok=75 err=0
[100/300] django__django-15814                          elapsed=561s (ok) ok=100 err=0
[125/300] matplotlib__matplotlib-23314                  elapsed=712s (ok) ok=125 err=0
[150/300] pallets__flask-5063                           elapsed=836s (ok) ok=150 err=0
[175/300] pytest-dev__pytest-5692                       elapsed=903s (ok) ok=175 err=0
[200/300] scikit-learn__scikit-learn-14894              elapsed=972s (ok) ok=200 err=0
[225/300] sympy__sympy-11870                            elapsed=1090s (ok) ok=225 err=0
[250/300] sympy__sympy-15011                            elapsed=1240s (ok) ok=250 err=0
[275/300] sympy__sympy-19487                            elapsed=1399s (ok) ok=275 err=0
[300/300] sympy__sympy-24909                            elapsed=1543s (ok) ok=300 err=0

engine version: roust 0.2.0 (8034a57, clean)
wrote 300 records (300 ok, 0 errors) to lab/results_regions/e20_baseline.jsonl
runner A baseline done: Mon Aug 24 17:26:28 KST 2026
engine version: roust 0.2.0 (8034a57, clean)
[25/300] django__django-11848                          elapsed=128s (ok) ok=25 err=0
[50/300] django__django-13220                          elapsed=279s (ok) ok=50 err=0
[75/300] django__django-14580                          elapsed=414s (ok) ok=75 err=0
[100/300] django__django-15814                          elapsed=550s (ok) ok=100 err=0
[125/300] matplotlib__matplotlib-23314                  elapsed=706s (ok) ok=125 err=0
[150/300] pallets__flask-5063                           elapsed=832s (ok) ok=150 err=0
[175/300] pytest-dev__pytest-5692                       elapsed=899s (ok) ok=175 err=0
[200/300] scikit-learn__scikit-learn-14894              elapsed=973s (ok) ok=200 err=0
[225/300] sympy__sympy-11870                            elapsed=1103s (ok) ok=225 err=0
[250/300] sympy__sympy-15011                            elapsed=1256s (ok) ok=250 err=0
[275/300] sympy__sympy-19487                            elapsed=1404s (ok) ok=275 err=0
[300/300] sympy__sympy-24909                            elapsed=1547s (ok) ok=300 err=0

engine version: roust 0.2.0 (8034a57, clean)
wrote 300 records (300 ok, 0 errors) to lab/results_regions/e20_import07.jsonl
runner A import07 done: Mon Aug 24 17:52:15 KST 2026
