runner B start: Mon Aug 24 17:00:44 KST 2026
engine version: roust 0.2.0 (8034a57, clean)
[25/300] django__django-11848                          elapsed=137s (ok) ok=25 err=0
[50/300] django__django-13220                          elapsed=299s (ok) ok=50 err=0
[75/300] django__django-14580                          elapsed=445s (ok) ok=75 err=0
[100/300] django__django-15814                          elapsed=590s (ok) ok=100 err=0
[125/300] matplotlib__matplotlib-23314                  elapsed=746s (ok) ok=125 err=0
[150/300] pallets__flask-5063                           elapsed=871s (ok) ok=150 err=0
[175/300] pytest-dev__pytest-5692                       elapsed=940s (ok) ok=175 err=0
[200/300] scikit-learn__scikit-learn-14894              elapsed=1012s (ok) ok=200 err=0
[225/300] sympy__sympy-11870                            elapsed=1125s (ok) ok=225 err=0
[250/300] sympy__sympy-15011                            elapsed=1275s (ok) ok=250 err=0
[275/300] sympy__sympy-19487                            elapsed=1427s (ok) ok=275 err=0
[300/300] sympy__sympy-24909                            elapsed=1577s (ok) ok=300 err=0

engine version: roust 0.2.0 (8034a57, clean)
wrote 300 records (300 ok, 0 errors) to lab/results_regions/e20_knn07.jsonl
runner B knn07 done: Mon Aug 24 17:27:02 KST 2026
engine version: roust 0.2.0 (8034a57, clean)
[25/300] django__django-11848                          elapsed=133s (ok) ok=25 err=0
[50/300] django__django-13220                          elapsed=281s (ok) ok=50 err=0
[75/300] django__django-14580                          elapsed=416s (ok) ok=75 err=0
[100/300] django__django-15814                          elapsed=552s (ok) ok=100 err=0
[125/300] matplotlib__matplotlib-23314                  elapsed=705s (ok) ok=125 err=0
[150/300] pallets__flask-5063                           elapsed=823s (ok) ok=150 err=0
[175/300] pytest-dev__pytest-5692                       elapsed=890s (ok) ok=175 err=0
[200/300] scikit-learn__scikit-learn-14894              elapsed=964s (ok) ok=200 err=0
[225/300] sympy__sympy-11870                            elapsed=1084s (ok) ok=225 err=0
[250/300] sympy__sympy-15011                            elapsed=1230s (ok) ok=250 err=0
[275/300] sympy__sympy-19487                            elapsed=1389s (ok) ok=275 err=0
[300/300] sympy__sympy-24909                            elapsed=1533s (ok) ok=300 err=0

engine version: roust 0.2.0 (8034a57, clean)
wrote 300 records (300 ok, 0 errors) to lab/results_regions/e20_traceboost.jsonl
runner B traceboost done: Mon Aug 24 17:52:36 KST 2026
