runner C start: Mon Aug 24 18:15:53 KST 2026
engine version: roust 0.2.0 (8034a57, clean)
gold parquet: /Users/nicholasarehart/programming-projects/bgrep/lab/swebench_verified_heldout.parquet
pad_lines=5 len_exp=0.85
[25/407] django__django-11087                          elapsed=114s (ok) ok=25 err=0
[50/407] django__django-11734                          elapsed=251s (ok) ok=50 err=0
[75/407] django__django-12774                          elapsed=446s (ok) ok=75 err=0
[100/407] django__django-13568                          elapsed=608s (ok) ok=100 err=0
[125/407] django__django-14376                          elapsed=750s (ok) ok=125 err=0
[150/407] django__django-15368                          elapsed=896s (ok) ok=150 err=0
[175/407] django__django-16100                          elapsed=1053s (ok) ok=175 err=0
[200/407] django__django-16901                          elapsed=1191s (ok) ok=200 err=0
[225/407] matplotlib__matplotlib-25287                  elapsed=1350s (ok) ok=225 err=0
[250/407] pydata__xarray-4075                           elapsed=1442s (ok) ok=250 err=0
[275/407] pytest-dev__pytest-10081                      elapsed=1526s (ok) ok=275 err=0
[300/407] scikit-learn__scikit-learn-13328              elapsed=1602s (ok) ok=300 err=0
[325/407] sphinx-doc__sphinx-7748                       elapsed=1702s (ok) ok=325 err=0
[350/407] sphinx-doc__sphinx-9602                       elapsed=1831s (ok) ok=350 err=0
[375/407] sympy__sympy-15809                            elapsed=1966s (ok) ok=375 err=0
[400/407] sympy__sympy-23413                            elapsed=2123s (ok) ok=400 err=0
[407/407] sympy__sympy-24661                            elapsed=2165s (ok) ok=407 err=0

engine version: roust 0.2.0 (8034a57, clean)
wrote 407 records (407 ok, 0 errors) to lab/results_regions/e20_verified_baseline.jsonl
runner C verified baseline done: Mon Aug 24 18:51:59 KST 2026
engine version: roust 0.2.0 (8034a57, clean)
gold parquet: /Users/nicholasarehart/programming-projects/bgrep/lab/swebench_verified_heldout.parquet
pad_lines=5 len_exp=0.85
[25/407] django__django-11087                          elapsed=119s (ok) ok=25 err=0
[50/407] django__django-11734                          elapsed=265s (ok) ok=50 err=0
[75/407] django__django-12774                          elapsed=429s (ok) ok=75 err=0
[100/407] django__django-13568                          elapsed=587s (ok) ok=100 err=0
[125/407] django__django-14376                          elapsed=803s (ok) ok=125 err=0
[150/407] django__django-15368                          elapsed=1041s (ok) ok=150 err=0
[175/407] django__django-16100                          elapsed=1243s (ok) ok=175 err=0
[200/407] django__django-16901                          elapsed=1395s (ok) ok=200 err=0
[225/407] matplotlib__matplotlib-25287                  elapsed=1555s (ok) ok=225 err=0
[250/407] pydata__xarray-4075                           elapsed=1641s (ok) ok=250 err=0
[275/407] pytest-dev__pytest-10081                      elapsed=1726s (ok) ok=275 err=0
[300/407] scikit-learn__scikit-learn-13328              elapsed=1803s (ok) ok=300 err=0
[325/407] sphinx-doc__sphinx-7748                       elapsed=1893s (ok) ok=325 err=0
[350/407] sphinx-doc__sphinx-9602                       elapsed=2015s (ok) ok=350 err=0
[375/407] sympy__sympy-15809                            elapsed=2145s (ok) ok=375 err=0
[400/407] sympy__sympy-23413                            elapsed=2303s (ok) ok=400 err=0
[407/407] sympy__sympy-24661                            elapsed=2346s (ok) ok=407 err=0

engine version: roust 0.2.0 (8034a57, clean)
wrote 407 records (407 ok, 0 errors) to lab/results_regions/e20_verified_knn07.jsonl
runner C verified knn07 done: Mon Aug 24 19:31:05 KST 2026
