runner A start: Mon Aug 24 20:47:50 KST 2026
engine version: roust 0.2.0 (d1279e8, clean)
[25/300] django__django-11848                          elapsed=129s (ok) ok=25 err=0
[50/300] django__django-13220                          elapsed=278s (ok) ok=50 err=0
[75/300] django__django-14580                          elapsed=416s (ok) ok=75 err=0
[100/300] django__django-15814                          elapsed=546s (ok) ok=100 err=0
[125/300] matplotlib__matplotlib-23314                  elapsed=690s (ok) ok=125 err=0
[150/300] pallets__flask-5063                           elapsed=809s (ok) ok=150 err=0
[175/300] pytest-dev__pytest-5692                       elapsed=874s (ok) ok=175 err=0
[200/300] scikit-learn__scikit-learn-14894              elapsed=943s (ok) ok=200 err=0
[225/300] sympy__sympy-11870                            elapsed=1060s (ok) ok=225 err=0
[250/300] sympy__sympy-15011                            elapsed=1205s (ok) ok=250 err=0
[275/300] sympy__sympy-19487                            elapsed=1363s (ok) ok=275 err=0
[300/300] sympy__sympy-24909                            elapsed=1508s (ok) ok=300 err=0

engine version: roust 0.2.0 (d1279e8, clean)
wrote 300 records (300 ok, 0 errors) to lab/results_regions/e21_baseline.jsonl
runner A baseline done: Mon Aug 24 21:12:59 KST 2026
engine version: roust 0.2.0 (d1279e8, clean)
[25/300] django__django-11848                          elapsed=152s (ok) ok=25 err=0
[50/300] django__django-13220                          elapsed=318s (ok) ok=50 err=0
[75/300] django__django-14580                          elapsed=464s (ok) ok=75 err=0
[100/300] django__django-15814                          elapsed=615s (ok) ok=100 err=0
[125/300] matplotlib__matplotlib-23314                  elapsed=779s (ok) ok=125 err=0
[150/300] pallets__flask-5063                           elapsed=901s (ok) ok=150 err=0
[175/300] pytest-dev__pytest-5692                       elapsed=971s (ok) ok=175 err=0
[200/300] scikit-learn__scikit-learn-14894              elapsed=1045s (ok) ok=200 err=0
[225/300] sympy__sympy-11870                            elapsed=1170s (ok) ok=225 err=0
[250/300] sympy__sympy-15011                            elapsed=1342s (ok) ok=250 err=0
[275/300] sympy__sympy-19487                            elapsed=1524s (ok) ok=275 err=0
[300/300] sympy__sympy-24909                            elapsed=1696s (ok) ok=300 err=0

engine version: roust 0.2.0 (d1279e8, clean)
wrote 300 records (300 ok, 0 errors) to lab/results_regions/e21_chunkmax.jsonl
runner A chunk-max done: Mon Aug 24 21:41:15 KST 2026
engine version: roust 0.2.0 (d1279e8, clean)
[25/300] django__django-11848                          elapsed=135s (ok) ok=25 err=0
[50/300] django__django-13220                          elapsed=285s (ok) ok=50 err=0
[75/300] django__django-14580                          elapsed=419s (ok) ok=75 err=0
[100/300] django__django-15814                          elapsed=550s (ok) ok=100 err=0
[125/300] matplotlib__matplotlib-23314                  elapsed=691s (ok) ok=125 err=0
[150/300] pallets__flask-5063                           elapsed=808s (ok) ok=150 err=0
[175/300] pytest-dev__pytest-5692                       elapsed=874s (ok) ok=175 err=0
[200/300] scikit-learn__scikit-learn-14894              elapsed=942s (ok) ok=200 err=0
[225/300] sympy__sympy-11870                            elapsed=1060s (ok) ok=225 err=0
[250/300] sympy__sympy-15011                            elapsed=1204s (ok) ok=250 err=0
[275/300] sympy__sympy-19487                            elapsed=1360s (ok) ok=275 err=0
[300/300] sympy__sympy-24909                            elapsed=1506s (ok) ok=300 err=0

engine version: roust 0.2.0 (d1279e8, clean)
wrote 300 records (300 ok, 0 errors) to lab/results_regions/e22_tb01.jsonl
runner A tb01 done: Mon Aug 24 22:06:22 KST 2026
