runner B start: Mon Aug 24 20:58:26 KST 2026
engine version: roust 0.2.0 (d1279e8, clean)
[25/300] django__django-11848                          elapsed=150s (ok) ok=25 err=0
[50/300] django__django-13220                          elapsed=314s (ok) ok=50 err=0
[75/300] django__django-14580                          elapsed=463s (ok) ok=75 err=0
[100/300] django__django-15814                          elapsed=612s (ok) ok=100 err=0
[125/300] matplotlib__matplotlib-23314                  elapsed=772s (ok) ok=125 err=0
[150/300] pallets__flask-5063                           elapsed=897s (ok) ok=150 err=0
[175/300] pytest-dev__pytest-5692                       elapsed=966s (ok) ok=175 err=0
[200/300] scikit-learn__scikit-learn-14894              elapsed=1044s (ok) ok=200 err=0
[225/300] sympy__sympy-11870                            elapsed=1181s (ok) ok=225 err=0
[250/300] sympy__sympy-15011                            elapsed=1353s (ok) ok=250 err=0
[275/300] sympy__sympy-19487                            elapsed=1536s (ok) ok=275 err=0
[300/300] sympy__sympy-24909                            elapsed=1710s (ok) ok=300 err=0

engine version: roust 0.2.0 (d1279e8, clean)
wrote 300 records (300 ok, 0 errors) to lab/results_regions/e21_chunktop2.jsonl
runner B chunk-top2 done: Mon Aug 24 21:26:56 KST 2026
engine version: roust 0.2.0 (d1279e8, clean)
[25/300] django__django-11848                          elapsed=134s (ok) ok=25 err=0
[50/300] django__django-13220                          elapsed=281s (ok) ok=50 err=0
[75/300] django__django-14580                          elapsed=413s (ok) ok=75 err=0
[100/300] django__django-15814                          elapsed=543s (ok) ok=100 err=0
[125/300] matplotlib__matplotlib-23314                  elapsed=685s (ok) ok=125 err=0
[150/300] pallets__flask-5063                           elapsed=803s (ok) ok=150 err=0
[175/300] pytest-dev__pytest-5692                       elapsed=869s (ok) ok=175 err=0
[200/300] scikit-learn__scikit-learn-14894              elapsed=940s (ok) ok=200 err=0
[225/300] sympy__sympy-11870                            elapsed=1060s (ok) ok=225 err=0
[250/300] sympy__sympy-15011                            elapsed=1208s (ok) ok=250 err=0
[275/300] sympy__sympy-19487                            elapsed=1365s (ok) ok=275 err=0
[300/300] sympy__sympy-24909                            elapsed=1509s (ok) ok=300 err=0

engine version: roust 0.2.0 (d1279e8, clean)
wrote 300 records (300 ok, 0 errors) to lab/results_regions/e22_tb03.jsonl
runner B tb03 done: Mon Aug 24 21:52:06 KST 2026
