runner A start: Mon Aug 24 22:57:52 KST 2026
engine version: roust 0.2.0 (a9d6cd0, clean)
[25/300] django__django-11848                          elapsed=258s (ok) ok=25 err=0
[50/300] django__django-13220                          elapsed=410s (ok) ok=50 err=0
[75/300] django__django-14580                          elapsed=548s (ok) ok=75 err=0
[100/300] django__django-15814                          elapsed=683s (ok) ok=100 err=0
[125/300] matplotlib__matplotlib-23314                  elapsed=842s (ok) ok=125 err=0
[150/300] pallets__flask-5063                           elapsed=964s (ok) ok=150 err=0
[175/300] pytest-dev__pytest-5692                       elapsed=1030s (ok) ok=175 err=0
[200/300] scikit-learn__scikit-learn-14894              elapsed=1101s (ok) ok=200 err=0
[225/300] sympy__sympy-11870                            elapsed=1221s (ok) ok=225 err=0
[250/300] sympy__sympy-15011                            elapsed=1369s (ok) ok=250 err=0
[275/300] sympy__sympy-19487                            elapsed=1527s (ok) ok=275 err=0
[300/300] sympy__sympy-24909                            elapsed=1672s (ok) ok=300 err=0

engine version: roust 0.2.0 (a9d6cd0, clean)
wrote 300 records (300 ok, 0 errors) to lab/results_regions/e21b_baseline.jsonl
runner A baseline done: Mon Aug 24 23:25:45 KST 2026
engine version: roust 0.2.0 (a9d6cd0, clean)
[25/300] django__django-11848                          elapsed=151s (ok) ok=25 err=0
[50/300] django__django-13220                          elapsed=315s (ok) ok=50 err=0
[75/300] django__django-14580                          elapsed=464s (ok) ok=75 err=0
[100/300] django__django-15814                          elapsed=617s (ok) ok=100 err=0
[125/300] matplotlib__matplotlib-23314                  elapsed=780s (ok) ok=125 err=0
[150/300] pallets__flask-5063                           elapsed=901s (ok) ok=150 err=0
[175/300] pytest-dev__pytest-5692                       elapsed=966s (ok) ok=175 err=0
[200/300] scikit-learn__scikit-learn-14894              elapsed=1040s (ok) ok=200 err=0
[225/300] sympy__sympy-11870                            elapsed=1166s (ok) ok=225 err=0
[250/300] sympy__sympy-15011                            elapsed=1332s (ok) ok=250 err=0
[275/300] sympy__sympy-19487                            elapsed=1505s (ok) ok=275 err=0
[300/300] sympy__sympy-24909                            elapsed=1671s (ok) ok=300 err=0

engine version: roust 0.2.0 (a9d6cd0, clean)
wrote 300 records (300 ok, 0 errors) to lab/results_regions/e21b_chunkrank.jsonl
runner A chunk-rank done: Mon Aug 24 23:53:36 KST 2026
